// Jest Snapshot v1, https://goo.gl/fbAQLP

exports[`Utilidad de envio de correos Debe ser equivalente a codigo generado 1`] = `[Function]`;
