// Jest Snapshot v1, https://goo.gl/fbAQLP

exports[`Utilidad de funcion para generar slugs Funcion debe poder ser llamada 1`] = `[Function]`;
