// Jest Snapshot v1, https://goo.gl/fbAQLP

exports[`AuthMiddleware Debe matchear con snapshot 1`] = `[Function]`;
